// Jest Snapshot v1, https://goo.gl/fbAQLP

exports[`HOC - With Store Should add the store property 1`] = `
<div
  store={
    Object {
      "dispatch": [Function],
      "getState": [Function],
      "injectReducers": [Function],
      "injectedReducers": Object {},
      "replaceReducer": [Function],
      "run": [Function],
      "subscribe": [Function],
      Symbol(observable): [Function],
    }
  }
/>
`;
