// Jest Snapshot v1, https://goo.gl/fbAQLP

exports[`HOC - With Form Should register the postType by dispatching the actions 1`] = `
Array [
  Object {
    "payload": Object {
      "id": "posts",
      "type": "post",
    },
    "type": "@@MT/COMMON/ADD_FORM",
  },
]
`;

exports[`HOC - With Form Should render a component 1`] = `
<div>
  With Form!
</div>
`;
