// Jest Snapshot v1, https://goo.gl/fbAQLP

exports[`Tooltip Element renders a tooltip 1`] = `
<div>
  <span>
    here is the tooltip text
  </span>
  <span>
    bottom left
  </span>
  <span>
    <button
      aria-label="here is the tooltip text"
      className="tribe-editor__button tribe-editor__tooltip-label label-class-name"
      onClick={[Function]}
      type="button"
    >
      some label
    </button>
  </span>
</div>
`;
